01-22 23:46:41.637 E/ChiX    ( 1777): [ERROR][MCXCore] chimcxmflpolicy.cpp:1522 OnUpdateRecommendedSettings() defaultZoomMasterIndex(1) CAMX:Settings.CurrentCameraId(1)
01-22 23:46:41.637 E/CHI     ( 1777): [SS_ERR ]: [CHI         ]: chxextensionmodule.cpp: RestoreHighZoomVdisMode: 33157: [HZOOM_DBG] Failure while query originalCropRegionWide custom vendor tag
01-22 23:46:41.641 E/ChiX    ( 1777): [ERROR][MCXCore] chimcxmflpolicy.cpp:6385 GetActiveCameraMaskBasedOnOEMMFLPolicy() VendorTag return Invalid recommenedMaster, recommendedMasterIndex(1) recommendedMasterIndexFromSATOutput(1) rMainCameraIndex(-1) recommendedMasterIdFromCamXSettings(0)
01-22 23:46:41.641 E/ChiX    ( 1777): [ERROR][MCXCore] chimcxmflpolicy.cpp:6402 GetActiveCameraMaskBasedOnOEMMFLPolicy() VendorTag return Invalid recommenedMaster2, recommendedMasterIndex(1) recommendedMasterIndexFromSATOutput(1) rMainCameraIndex(1) recommendedMasterIdFromCamXSettings(0)
01-22 23:46:41.644 D/io_stats( 1111): !@   8,0 r 10178709 277367056 w 5938493 157117328 d 1441075 1061012884 f 15374 103222 iot 1626884 0 th 0 0 0 pt 0 inp 0 0 269264.428
01-22 23:46:41.645 E/minksocket( 1716): MinkIPC ERROR: ( 1716:1804 ) MinkIPC_preProcess:272 Client down, but cannot find corresponding minksession
01-22 23:46:41.645 E/minksocket( 1716): MinkIPC ERROR: ( 1716:1811 ) MinkIPC_preProcess:272 Client down, but cannot find corresponding minksession
01-22 23:46:41.645 E/minksocket( 1716): MinkIPC ERROR: ( 1716:1804 ) MinkIPC_preProcess:272 Client down, but cannot find corresponding minksession
01-22 23:46:41.645 E/minksocket( 1716): MinkIPC ERROR: ( 1716:1811 ) MinkIPC_preProcess:272 Client down, but cannot find corresponding minksession
01-22 23:46:41.646 E/minksocket( 1716): MinkIPC ERROR: ( 1716:1804 ) MinkIPC_preProcess:272 Client down, but cannot find corresponding minksession
01-22 23:46:41.646 E/minksocket( 1716): MinkIPC ERROR: ( 1716:1811 ) MinkIPC_preProcess:272 Client down, but cannot find corresponding minksession
01-22 23:46:41.647 E/minksocket( 1716): MinkIPC ERROR: ( 1716:1804 ) MinkIPC_preProcess:272 Client down, but cannot find corresponding minksession
01-22 23:46:41.647 E/minksocket( 1716): MinkIPC ERROR: ( 1716:1811 ) MinkIPC_preProcess:272 Client down, but cannot find corresponding minksession
01-22 23:46:41.672 I/CHI     ( 1777): [SS_LOW ]: [CHI         ]: chxextensionmodule.cpp: ReturnFrameworkResult: 13104: result [DYNAMIC_SHOT] requestHint : 0x1, 28060, index = 156
01-22 23:46:41.672 I/CHI     ( 1777): [SS_LOW ]: [CHI         ]: chxextensionmodule.cpp: ReturnFrameworkResult: 13108: Updated result [DYNAMIC_SHOT] requestHint : 0x0, 28060
01-22 23:46:41.685 D/SensorsFlicker( 1743): Als_common::readEvents, enabled : 1, data : 1.160000, 0.000000, 0.000000, 2.000000, 0.100000, 0.000000, 32768.000000
01-22 23:46:41.698 E/ChiX    ( 1777): [ERROR][MCXCore] chimcxmflpolicy.cpp:1522 OnUpdateRecommendedSettings() defaultZoomMasterIndex(1) CAMX:Settings.CurrentCameraId(1)
01-22 23:46:41.701 E/CHI     ( 1777): [SS_ERR ]: [CHI         ]: chxextensionmodule.cpp: RestoreHighZoomVdisMode: 33157: [HZOOM_DBG] Failure while query originalCropRegionWide custom vendor tag
01-22 23:46:41.703 E/ChiX    ( 1777): [ERROR][MCXCore] chimcxmflpolicy.cpp:6385 GetActiveCameraMaskBasedOnOEMMFLPolicy() VendorTag return Invalid recommenedMaster, recommendedMasterIndex(1) recommendedMasterIndexFromSATOutput(1) rMainCameraIndex(-1) recommendedMasterIdFromCamXSettings(0)
01-22 23:46:41.704 E/ChiX    ( 1777): [ERROR][MCXCore] chimcxmflpolicy.cpp:6402 GetActiveCameraMaskBasedOnOEMMFLPolicy() VendorTag return Invalid recommenedMaster2, recommendedMasterIndex(1) recommendedMasterIndexFromSATOutput(1) rMainCameraIndex(1) recommendedMasterIdFromCamXSettings(0)
01-22 23:46:41.706 I/snap_api::V6( 1777): aiAutoFocus_v1.2.24U.dlc:Session Execute time taken : 2.205 ms
01-22 23:46:41.737 I/CHI     ( 1777): [SS_LOW ]: [CHI         ]: chxextensionmodule.cpp: ReturnFrameworkResult: 13104: result [DYNAMIC_SHOT] requestHint : 0x1, 28061, index = 157
01-22 23:46:41.737 I/CHI     ( 1777): [SS_LOW ]: [CHI         ]: chxextensionmodule.cpp: ReturnFrameworkResult: 13108: Updated result [DYNAMIC_SHOT] requestHint : 0x0, 28061
01-22 23:46:41.768 E/ChiX    ( 1777): [ERROR][MCXCore] chimcxmflpolicy.cpp:1522 OnUpdateRecommendedSettings() defaultZoomMasterIndex(1) CAMX:Settings.CurrentCameraId(1)
01-22 23:46:41.768 E/CHI     ( 1777): [SS_ERR ]: [CHI         ]: chxextensionmodule.cpp: RestoreHighZoomVdisMode: 33157: [HZOOM_DBG] Failure while query originalCropRegionWide custom vendor tag
01-22 23:46:41.771 E/ChiX    ( 1777): [ERROR][MCXCore] chimcxmflpolicy.cpp:6385 GetActiveCameraMaskBasedOnOEMMFLPolicy() VendorTag return Invalid recommenedMaster, recommendedMasterIndex(1) recommendedMasterIndexFromSATOutput(1) rMainCameraIndex(-1) recommendedMasterIdFromCamXSettings(0)
01-22 23:46:41.771 E/ChiX    ( 1777): [ERROR][MCXCore] chimcxmflpolicy.cpp:6402 GetActiveCameraMaskBasedOnOEMMFLPolicy() VendorTag return Invalid recommenedMaster2, recommendedMasterIndex(1) recommendedMasterIndexFromSATOutput(1) rMainCameraIndex(1) recommendedMasterIdFromCamXSettings(0)
01-22 23:46:41.794 I/Unihal  ( 1777): Camera3Util.h: PrintCurrentStatus: 641: [FWK] ReqStreamBuf(2): 0xb400007a2ef3a998/5) 0xb400007a2ef96018/6) 
01-22 23:46:41.794 I/Unihal  ( 1777): Camera3Util.h: PrintCurrentStatus: 641: [HAL] ReqStreamBuf(2): 0xb400007a2ef3a998/5) 0xb400007a2ef96018/6) 
01-22 23:46:41.794 I/Unihal  ( 1777): GlobalMonitor.cpp: PrintInfo: 217: [0-1] S(4) FWK L(  6) 28062/M(S)/R(1)/B(0/2), 28063/M( )/R(1)/B(0/2), 28064/M( )/R(1)/B(0/2), 28065/M( )/R(1)/B(0/2), 28066/M( )/R(0)/B(0/2), 28067/M( )/R(0)/B(0/2)
01-22 23:46:41.794 I/Unihal  ( 1777): GlobalMonitor.cpp: PrintInfo: 221: [0-1]      HAL L(  6) 28062/M(S)/R(1)/B(0/2), 28063/M( )/R(1)/B(0/2), 28064/M( )/R(1)/B(0/2), 28065/M( )/R(1)/B(0/2), 28066/M( )/R(0)/B(0/2), 28067/M( )/R(0)/B(0/2)
01-22 23:46:41.807 I/CHI     ( 1777): [SS_LOW ]: [CHI         ]: chxextensionmodule.cpp: ReturnFrameworkResult: 13104: result [DYNAMIC_SHOT] requestHint : 0x1, 28062, index = 158
01-22 23:46:41.807 I/CHI     ( 1777): [SS_LOW ]: [CHI         ]: chxextensionmodule.cpp: ReturnFrameworkResult: 13108: Updated result [DYNAMIC_SHOT] requestHint : 0x0, 28062
01-22 23:46:41.832 E/ChiX    ( 1777): [ERROR][MCXCore] chimcxmflpolicy.cpp:1522 OnUpdateRecommendedSettings() defaultZoomMasterIndex(1) CAMX:Settings.CurrentCameraId(1)
01-22 23:46:41.835 E/CHI     ( 1777): [SS_ERR ]: [CHI         ]: chxextensionmodule.cpp: RestoreHighZoomVdisMode: 33157: [HZOOM_DBG] Failure while query originalCropRegionWide custom vendor tag
01-22 23:46:41.840 E/ChiX    ( 1777): [ERROR][MCXCore] chimcxmflpolicy.cpp:6385 GetActiveCameraMaskBasedOnOEMMFLPolicy() VendorTag return Invalid recommenedMaster, recommendedMasterIndex(1) recommendedMasterIndexFromSATOutput(1) rMainCameraIndex(-1) recommendedMasterIdFromCamXSettings(0)
01-22 23:46:41.841 E/ChiX    ( 1777): [ERROR][MCXCore] chimcxmflpolicy.cpp:6402 GetActiveCameraMaskBasedOnOEMMFLPolicy() VendorTag return Invalid recommenedMaster2, recommendedMasterIndex(1) recommendedMasterIndexFromSATOutput(1) rMainCameraIndex(1) recommendedMasterIdFromCamXSettings(0)
01-22 23:46:41.843 I/snap_api::V6( 1777): aiAutoFocus_v1.2.24U.dlc:Session Execute time taken : 2.124 ms
01-22 23:46:41.873 I/CHI     ( 1777): [SS_LOW ]: [CHI         ]: chxextensionmodule.cpp: ReturnFrameworkResult: 13104: result [DYNAMIC_SHOT] requestHint : 0x1, 28063, index = 159
01-22 23:46:41.873 I/CHI     ( 1777): [SS_LOW ]: [CHI         ]: chxextensionmodule.cpp: ReturnFrameworkResult: 13108: Updated result [DYNAMIC_SHOT] requestHint : 0x0, 28063
01-22 23:46:41.906 E/ChiX    ( 1777): [ERROR][MCXCore] chimcxmflpolicy.cpp:1522 OnUpdateRecommendedSettings() defaultZoomMasterIndex(1) CAMX:Settings.CurrentCameraId(1)
01-22 23:46:41.907 E/CHI     ( 1777): [SS_ERR ]: [CHI         ]: chxextensionmodule.cpp: RestoreHighZoomVdisMode: 33157: [HZOOM_DBG] Failure while query originalCropRegionWide custom vendor tag
01-22 23:46:41.908 E/ChiX    ( 1777): [ERROR][MCXCore] chimcxmflpolicy.cpp:6385 GetActiveCameraMaskBasedOnOEMMFLPolicy() VendorTag return Invalid recommenedMaster, recommendedMasterIndex(1) recommendedMasterIndexFromSATOutput(1) rMainCameraIndex(-1) recommendedMasterIdFromCamXSettings(0)
01-22 23:46:41.908 E/ChiX    ( 1777): [ERROR][MCXCore] chimcxmflpolicy.cpp:6402 GetActiveCameraMaskBasedOnOEMMFLPolicy() VendorTag return Invalid recommenedMaster2, recommendedMasterIndex(1) recommendedMasterIndexFromSATOutput(1) rMainCameraIndex(1) recommendedMasterIdFromCamXSettings(0)
01-22 23:46:41.941 I/CHI     ( 1777): [SS_LOW ]: [CHI         ]: chxextensionmodule.cpp: ReturnFrameworkResult: 13104: result [DYNAMIC_SHOT] requestHint : 0x1, 28064, index = 160
01-22 23:46:41.941 I/CHI     ( 1777): [SS_LOW ]: [CHI         ]: chxextensionmodule.cpp: ReturnFrameworkResult: 13108: Updated result [DYNAMIC_SHOT] requestHint : 0x0, 28064
01-22 23:46:41.966 E/ChiX    ( 1777): [ERROR][MCXCore] chimcxmflpolicy.cpp:1522 OnUpdateRecommendedSettings() defaultZoomMasterIndex(1) CAMX:Settings.CurrentCameraId(1)
01-22 23:46:41.966 E/CHI     ( 1777): [SS_ERR ]: [CHI         ]: chxextensionmodule.cpp: RestoreHighZoomVdisMode: 33157: [HZOOM_DBG] Failure while query originalCropRegionWide custom vendor tag
01-22 23:46:41.973 E/ChiX    ( 1777): [ERROR][MCXCore] chimcxmflpolicy.cpp:6385 GetActiveCameraMaskBasedOnOEMMFLPolicy() VendorTag return Invalid recommenedMaster, recommendedMasterIndex(1) recommendedMasterIndexFromSATOutput(1) rMainCameraIndex(-1) recommendedMasterIdFromCamXSettings(0)
01-22 23:46:41.974 E/ChiX    ( 1777): [ERROR][MCXCore] chimcxmflpolicy.cpp:6402 GetActiveCameraMaskBasedOnOEMMFLPolicy() VendorTag return Invalid recommenedMaster2, recommendedMasterIndex(1) recommendedMasterIndexFromSATOutput(1) rMainCameraIndex(1) recommendedMasterIdFromCamXSettings(0)
01-22 23:46:41.977 I/snap_api::V6( 1777): aiAutoFocus_v1.2.24U.dlc:Session Execute time taken : 4.519 ms
01-22 23:46:42.010 I/CHI     ( 1777): [SS_LOW ]: [CHI         ]: chxextensionmodule.cpp: ReturnFrameworkResult: 13104: result [DYNAMIC_SHOT] requestHint : 0x1, 28065, index = 161
01-22 23:46:42.010 I/CHI     ( 1777): [SS_LOW ]: [CHI         ]: chxextensionmodule.cpp: ReturnFrameworkResult: 13108: Updated result [DYNAMIC_SHOT] requestHint : 0x0, 28065
01-22 23:46:42.037 E/ChiX    ( 1777): [ERROR][MCXCore] chimcxmflpolicy.cpp:1522 OnUpdateRecommendedSettings() defaultZoomMasterIndex(1) CAMX:Settings.CurrentCameraId(1)
01-22 23:46:42.037 E/CHI     ( 1777): [SS_ERR ]: [CHI         ]: chxextensionmodule.cpp: RestoreHighZoomVdisMode: 33157: [HZOOM_DBG] Failure while query originalCropRegionWide custom vendor tag
01-22 23:46:42.041 E/ChiX    ( 1777): [ERROR][MCXCore] chimcxmflpolicy.cpp:6385 GetActiveCameraMaskBasedOnOEMMFLPolicy() VendorTag return Invalid recommenedMaster, recommendedMasterIndex(1) recommendedMasterIndexFromSATOutput(1) rMainCameraIndex(-1) recommendedMasterIdFromCamXSettings(0)
01-22 23:46:42.041 E/ChiX    ( 1777): [ERROR][MCXCore] chimcxmflpolicy.cpp:6402 GetActiveCameraMaskBasedOnOEMMFLPolicy() VendorTag return Invalid recommenedMaster2, recommendedMasterIndex(1) recommendedMasterIndexFromSATOutput(1) rMainCameraIndex(1) recommendedMasterIdFromCamXSettings(0)
01-22 23:46:42.080 I/CHI     ( 1777): [SS_LOW ]: [CHI         ]: chxextensionmodule.cpp: ReturnFrameworkResult: 13104: result [DYNAMIC_SHOT] requestHint : 0x1, 28066, index = 162
01-22 23:46:42.080 I/CHI     ( 1777): [SS_LOW ]: [CHI         ]: chxextensionmodule.cpp: ReturnFrameworkResult: 13108: Updated result [DYNAMIC_SHOT] requestHint : 0x0, 28066
01-22 23:46:42.103 E/ChiX    ( 1777): [ERROR][MCXCore] chimcxmflpolicy.cpp:6385 GetActiveCameraMaskBasedOnOEMMFLPolicy() VendorTag return Invalid recommenedMaster, recommendedMasterIndex(1) recommendedMasterIndexFromSATOutput(1) rMainCameraIndex(-1) recommendedMasterIdFromCamXSettings(0)
01-22 23:46:42.104 E/ChiX    ( 1777): [ERROR][MCXCore] chimcxmflpolicy.cpp:6402 GetActiveCameraMaskBasedOnOEMMFLPolicy() VendorTag return Invalid recommenedMaster2, recommendedMasterIndex(1) recommendedMasterIndexFromSATOutput(1) rMainCameraIndex(1) recommendedMasterIdFromCamXSettings(0)
01-22 23:46:42.106 E/ChiX    ( 1777): [ERROR][MCXCore] chimcxmflpolicy.cpp:1522 OnUpdateRecommendedSettings() defaultZoomMasterIndex(1) CAMX:Settings.CurrentCameraId(1)
01-22 23:46:42.106 E/CHI     ( 1777): [SS_ERR ]: [CHI         ]: chxextensionmodule.cpp: RestoreHighZoomVdisMode: 33157: [HZOOM_DBG] Failure while query originalCropRegionWide custom vendor tag
01-22 23:46:42.109 I/snap_api::V6( 1777): aiAutoFocus_v1.2.24U.dlc:Session Execute time taken : 1.632 ms
01-22 23:46:42.110 I/sensors-hal( 1743): handle_sns_client_event:379, [0][3366067] accel_sample [-0.464,  0.038,  9.679] 743747539295644
01-22 23:46:42.141 I/CHI     ( 1777): [SS_LOW ]: [CHI         ]: chxextensionmodule.cpp: ReturnFrameworkResult: 13104: result [DYNAMIC_SHOT] requestHint : 0x1, 28067, index = 163
01-22 23:46:42.141 I/CHI     ( 1777): [SS_LOW ]: [CHI         ]: chxextensionmodule.cpp: ReturnFrameworkResult: 13108: Updated result [DYNAMIC_SHOT] requestHint : 0x0, 28067
01-22 23:46:42.167 E/ChiX    ( 1777): [ERROR][MCXCore] chimcxmflpolicy.cpp:1522 OnUpdateRecommendedSettings() defaultZoomMasterIndex(1) CAMX:Settings.CurrentCameraId(1)
01-22 23:46:42.167 E/CHI     ( 1777): [SS_ERR ]: [CHI         ]: chxextensionmodule.cpp: RestoreHighZoomVdisMode: 33157: [HZOOM_DBG] Failure while query originalCropRegionWide custom vendor tag
01-22 23:46:42.178 E/ChiX    ( 1777): [ERROR][MCXCore] chimcxmflpolicy.cpp:6385 GetActiveCameraMaskBasedOnOEMMFLPolicy() VendorTag return Invalid recommenedMaster, recommendedMasterIndex(1) recommendedMasterIndexFromSATOutput(1) rMainCameraIndex(-1) recommendedMasterIdFromCamXSettings(0)
01-22 23:46:42.179 E/ChiX    ( 1777): [ERROR][MCXCore] chimcxmflpolicy.cpp:6402 GetActiveCameraMaskBasedOnOEMMFLPolicy() VendorTag return Invalid recommenedMaster2, recommendedMasterIndex(1) recommendedMasterIndexFromSATOutput(1) rMainCameraIndex(1) recommendedMasterIdFromCamXSettings(0)
01-22 23:46:42.201 I/EDMNativeHelperService( 2794): isCameraEnabled
01-22 23:46:42.203 D/EDMNativeHelper( 2794): isCameraEnabled
01-22 23:46:42.203 D/EDMNativeHelper( 2794): checking for camera in EnterpriseDeviceManagerService
01-22 23:46:42.203 D/EnterpriseDeviceManagerService( 2794): isCameraEnabledNative
01-22 23:46:42.203 D/EnterpriseDeviceManagerService( 2794): checking for camera in restriction policy
01-22 23:46:42.203 D/RestrictionPolicy( 2794): isCameraEnabled ret(true) userId(0) cxtInfo.mCallerUid(10685) cxtInfo.mContainerId(0)
01-22 23:46:42.211 I/CHI     ( 1777): [SS_LOW ]: [CHI         ]: chxextensionmodule.cpp: ReturnFrameworkResult: 13104: result [DYNAMIC_SHOT] requestHint : 0x1, 28068, index = 164
01-22 23:46:42.211 I/CHI     ( 1777): [SS_LOW ]: [CHI         ]: chxextensionmodule.cpp: ReturnFrameworkResult: 13108: Updated result [DYNAMIC_SHOT] requestHint : 0x0, 28068
01-22 23:46:42.212 I/NSLocationMonitor( 2794): getGPSUsingApps() called
01-22 23:46:42.212 I/NSLocationManager_FLP( 5312): getGPSUsingApps, No change
01-22 23:46:42.217 D/FreecessHandler( 2794): freeze com.example.mat_sjekk(10685) result : 12
01-22 23:46:42.234 E/ChiX    ( 1777): [ERROR][MCXCore] chimcxmflpolicy.cpp:1522 OnUpdateRecommendedSettings() defaultZoomMasterIndex(1) CAMX:Settings.CurrentCameraId(1)
01-22 23:46:42.234 E/CHI     ( 1777): [SS_ERR ]: [CHI         ]: chxextensionmodule.cpp: RestoreHighZoomVdisMode: 33157: [HZOOM_DBG] Failure while query originalCropRegionWide custom vendor tag
01-22 23:46:42.239 E/ChiX    ( 1777): [ERROR][MCXCore] chimcxmflpolicy.cpp:6385 GetActiveCameraMaskBasedOnOEMMFLPolicy() VendorTag return Invalid recommenedMaster, recommendedMasterIndex(1) recommendedMasterIndexFromSATOutput(1) rMainCameraIndex(-1) recommendedMasterIdFromCamXSettings(0)
01-22 23:46:42.239 E/ChiX    ( 1777): [ERROR][MCXCore] chimcxmflpolicy.cpp:6402 GetActiveCameraMaskBasedOnOEMMFLPolicy() VendorTag return Invalid recommenedMaster2, recommendedMasterIndex(1) recommendedMasterIndexFromSATOutput(1) rMainCameraIndex(1) recommendedMasterIdFromCamXSettings(0)
01-22 23:46:42.246 I/snap_api::V6( 1777): aiAutoFocus_v1.2.24U.dlc:Session Execute time taken : 2.216 ms
01-22 23:46:42.260 I/SemWifiServiceDetector( 2794): Service det. resumed: T / T / 14358
01-22 23:46:42.278 I/CHI     ( 1777): [SS_LOW ]: [CHI         ]: chxextensionmodule.cpp: ReturnFrameworkResult: 13104: result [DYNAMIC_SHOT] requestHint : 0x1, 28069, index = 165
01-22 23:46:42.278 I/CHI     ( 1777): [SS_LOW ]: [CHI         ]: chxextensionmodule.cpp: ReturnFrameworkResult: 13108: Updated result [DYNAMIC_SHOT] requestHint : 0x0, 28069
01-22 23:46:42.303 E/ChiX    ( 1777): [ERROR][MCXCore] chimcxmflpolicy.cpp:1522 OnUpdateRecommendedSettings() defaultZoomMasterIndex(1) CAMX:Settings.CurrentCameraId(1)
01-22 23:46:42.304 E/CHI     ( 1777): [SS_ERR ]: [CHI         ]: chxextensionmodule.cpp: RestoreHighZoomVdisMode: 33157: [HZOOM_DBG] Failure while query originalCropRegionWide custom vendor tag
01-22 23:46:42.306 E/ChiX    ( 1777): [ERROR][MCXCore] chimcxmflpolicy.cpp:6385 GetActiveCameraMaskBasedOnOEMMFLPolicy() VendorTag return Invalid recommenedMaster, recommendedMasterIndex(1) recommendedMasterIndexFromSATOutput(1) rMainCameraIndex(-1) recommendedMasterIdFromCamXSettings(0)
01-22 23:46:42.307 E/ChiX    ( 1777): [ERROR][MCXCore] chimcxmflpolicy.cpp:6402 GetActiveCameraMaskBasedOnOEMMFLPolicy() VendorTag return Invalid recommenedMaster2, recommendedMasterIndex(1) recommendedMasterIndexFromSATOutput(1) rMainCameraIndex(1) recommendedMasterIdFromCamXSettings(0)
01-22 23:46:42.342 I/CHI     ( 1777): [SS_LOW ]: [CHI         ]: chxextensionmodule.cpp: ReturnFrameworkResult: 13104: result [DYNAMIC_SHOT] requestHint : 0x1, 28070, index = 166
01-22 23:46:42.342 I/CHI     ( 1777): [SS_LOW ]: [CHI         ]: chxextensionmodule.cpp: ReturnFrameworkResult: 13108: Updated result [DYNAMIC_SHOT] requestHint : 0x0, 28070
01-22 23:46:42.364 E/ChiX    ( 1777): [ERROR][MCXCore] chimcxmflpolicy.cpp:1522 OnUpdateRecommendedSettings() defaultZoomMasterIndex(1) CAMX:Settings.CurrentCameraId(1)
01-22 23:46:42.366 E/CHI     ( 1777): [SS_ERR ]: [CHI         ]: chxextensionmodule.cpp: RestoreHighZoomVdisMode: 33157: [HZOOM_DBG] Failure while query originalCropRegionWide custom vendor tag
01-22 23:46:42.375 E/ChiX    ( 1777): [ERROR][MCXCore] chimcxmflpolicy.cpp:6385 GetActiveCameraMaskBasedOnOEMMFLPolicy() VendorTag return Invalid recommenedMaster, recommendedMasterIndex(1) recommendedMasterIndexFromSATOutput(1) rMainCameraIndex(-1) recommendedMasterIdFromCamXSettings(0)
01-22 23:46:42.375 E/ChiX    ( 1777): [ERROR][MCXCore] chimcxmflpolicy.cpp:6402 GetActiveCameraMaskBasedOnOEMMFLPolicy() VendorTag return Invalid recommenedMaster2, recommendedMasterIndex(1) recommendedMasterIndexFromSATOutput(1) rMainCameraIndex(1) recommendedMasterIdFromCamXSettings(0)
01-22 23:46:42.380 I/snap_api::V6( 1777): aiAutoFocus_v1.2.24U.dlc:Session Execute time taken : 2.340 ms
01-22 23:46:42.403 I/CHI     ( 1777): [SS_LOW ]: [CHI         ]: chxextensionmodule.cpp: ReturnFrameworkResult: 13104: result [DYNAMIC_SHOT] requestHint : 0x1, 28071, index = 167
01-22 23:46:42.403 I/CHI     ( 1777): [SS_LOW ]: [CHI         ]: chxextensionmodule.cpp: ReturnFrameworkResult: 13108: Updated result [DYNAMIC_SHOT] requestHint : 0x0, 28071
01-22 23:46:42.415 I/thermal_core( 1833): pivot(AP) : 436, skin : 418
01-22 23:46:42.415 I/vendor.samsung.hardware.thermal-service( 1833): index = 17.800000
01-22 23:46:42.415 I/vendor.samsung.hardware.thermal-service( 1833): 2 / 2
01-22 23:46:42.434 E/ChiX    ( 1777): [ERROR][MCXCore] chimcxmflpolicy.cpp:1522 OnUpdateRecommendedSettings() defaultZoomMasterIndex(1) CAMX:Settings.CurrentCameraId(1)
01-22 23:46:42.435 E/CHI     ( 1777): [SS_ERR ]: [CHI         ]: chxextensionmodule.cpp: RestoreHighZoomVdisMode: 33157: [HZOOM_DBG] Failure while query originalCropRegionWide custom vendor tag
01-22 23:46:42.438 E/ChiX    ( 1777): [ERROR][MCXCore] chimcxmflpolicy.cpp:6385 GetActiveCameraMaskBasedOnOEMMFLPolicy() VendorTag return Invalid recommenedMaster, recommendedMasterIndex(1) recommendedMasterIndexFromSATOutput(1) rMainCameraIndex(-1) recommendedMasterIdFromCamXSettings(0)
01-22 23:46:42.439 E/ChiX    ( 1777): [ERROR][MCXCore] chimcxmflpolicy.cpp:6402 GetActiveCameraMaskBasedOnOEMMFLPolicy() VendorTag return Invalid recommenedMaster2, recommendedMasterIndex(1) recommendedMasterIndexFromSATOutput(1) rMainCameraIndex(1) recommendedMasterIdFromCamXSettings(0)
